0.00000
0.45708
0.34289
0.00000
0.07927
0.37781
0.21076
0.38603
0.00000
0.49146
0.04435
0.25518
0.14975
0.00000
0.63243
0.00000
0.00000
0.27888
0.25767
0.00000
0.00000
0.00000
0.40546
0.00000
0.25798
0.27888
0.18729
0.33477
