0.14118
0.14118
0.09412
0.09412
0.09412
0.09412
0.09412
0.09412
0.07647
0.07647
