0.36768
0.32861
0.07269
0.03668
0.03668
0.03167
0.01608
0.01608
0.01608
0.01608
0.01608
