0.30469
0.14971
0.14971
0.05018
0.05018
0.05018
0.05018
0.05018
0.05018
