0.00000
0.45970
0.62796
0.62796
0.78868
0.57735
0.00000
0.21133
