0.00000
0.96705
0.00000
0.18001
0.18001
0.00000
0.00000
0.38309
0.00000
0.38309
0.45440
0.45440
0.38309
0.38309
